---
source: backend/src/inbound/ws/messages.rs
expression: envelope
---
{
  "traceId": "00000000-0000-0000-0000-000000000000",
  "code": "invalid_chars",
  "error": "Only alphanumeric characters, spaces, and underscores are allowed.",
  "details": {
    "field": "displayName",
    "value": "bad$char",
    "message": "Only alphanumeric characters, spaces, and underscores are allowed.",
    "code": "invalid_chars"
  }
}
