---
source: backend/tests/health_probes_bdd.rs
expression: response.snapshot_payload()
---
{
  "body": {
    "checks": {
      "liveness": {
        "status": "pass"
      }
    },
    "status": "pass"
  },
  "headers": {
    "cache-control": "no-store",
    "content-type": "application/json"
  },
  "status": 200,
  "uri": "/health/live"
}
